<?xml version="1.0" encoding="UTF-8"?>
<testsuites name="jest tests" tests="4" failures="4" time="3.391">
  <testsuite name="Contacts APP" errors="0" failures="4" skipped="0" timestamp="2020-05-04T17:14:34" time="2.839" tests="4">
    <testcase classname="Contacts APP Should render Contact component" name="Contacts APP Should render Contact component" time="0.026">
      <failure>Error: Unable to find an element by: [data-testid=&quot;contact&quot;]

&lt;body&gt;
  &lt;div&gt;
    &lt;article
      class=&quot;contact&quot;
    &gt;
      &lt;span
        class=&quot;contact__avatar&quot;
      &gt;
        &lt;img
          alt=&quot;Avatar de usuário&quot;
        /&gt;
      &lt;/span&gt;
      &lt;span
        class=&quot;contact__data&quot;
      /&gt;
      &lt;span
        class=&quot;contact__data&quot;
      /&gt;
      &lt;span
        class=&quot;contact__data&quot;
      /&gt;
      &lt;span
        class=&quot;contact__data&quot;
      /&gt;
      &lt;span
        class=&quot;contact__data&quot;
      /&gt;
      &lt;span
        class=&quot;contact__data&quot;
      /&gt;
    &lt;/article&gt;
  &lt;/div&gt;
&lt;/body&gt;
    at Object.getElementError (/home/fabricio/codenation/react-13/node_modules/@testing-library/dom/dist/config.js:34:12)
    at /home/fabricio/codenation/react-13/node_modules/@testing-library/dom/dist/query-helpers.js:71:38
    at getByTestId (/home/fabricio/codenation/react-13/node_modules/@testing-library/dom/dist/query-helpers.js:54:17)
    at Object.&lt;anonymous&gt; (/home/fabricio/codenation/react-13/src/__tests__/submit.test.js:22:21)
    at Object.asyncJestTest (/home/fabricio/codenation/react-13/node_modules/jest-jasmine2/build/jasmineAsyncInstall.js:102:37)
    at /home/fabricio/codenation/react-13/node_modules/jest-jasmine2/build/queueRunner.js:43:12
    at new Promise (&lt;anonymous&gt;)
    at mapper (/home/fabricio/codenation/react-13/node_modules/jest-jasmine2/build/queueRunner.js:26:19)
    at /home/fabricio/codenation/react-13/node_modules/jest-jasmine2/build/queueRunner.js:73:41
    at processTicksAndRejections (internal/process/task_queues.js:97:5)</failure>
    </testcase>
    <testcase classname="Contacts APP Should render Contacts component" name="Contacts APP Should render Contacts component" time="0.019">
      <failure>TypeError: Cannot read property &apos;map&apos; of undefined
    at Contacts (/home/fabricio/codenation/react-13/src/components/Contacts.jsx:6:15)
    at renderWithHooks (/home/fabricio/codenation/react-13/node_modules/react-dom/cjs/react-dom.development.js:14803:18)
    at mountIndeterminateComponent (/home/fabricio/codenation/react-13/node_modules/react-dom/cjs/react-dom.development.js:17482:13)
    at beginWork (/home/fabricio/codenation/react-13/node_modules/react-dom/cjs/react-dom.development.js:18596:16)
    at HTMLUnknownElement.callCallback (/home/fabricio/codenation/react-13/node_modules/react-dom/cjs/react-dom.development.js:188:14)
    at invokeEventListeners (/home/fabricio/codenation/react-13/node_modules/jest-environment-jsdom/node_modules/jsdom/lib/jsdom/living/events/EventTarget-impl.js:193:27)
    at HTMLUnknownElementImpl._dispatch (/home/fabricio/codenation/react-13/node_modules/jest-environment-jsdom/node_modules/jsdom/lib/jsdom/living/events/EventTarget-impl.js:119:9)
    at HTMLUnknownElementImpl.dispatchEvent (/home/fabricio/codenation/react-13/node_modules/jest-environment-jsdom/node_modules/jsdom/lib/jsdom/living/events/EventTarget-impl.js:82:17)
    at HTMLUnknownElementImpl.dispatchEvent (/home/fabricio/codenation/react-13/node_modules/jest-environment-jsdom/node_modules/jsdom/lib/jsdom/living/nodes/HTMLElement-impl.js:30:27)
    at HTMLUnknownElement.dispatchEvent (/home/fabricio/codenation/react-13/node_modules/jest-environment-jsdom/node_modules/jsdom/lib/jsdom/living/generated/EventTarget.js:157:21)
    at Object.invokeGuardedCallbackDev (/home/fabricio/codenation/react-13/node_modules/react-dom/cjs/react-dom.development.js:237:16)
    at invokeGuardedCallback (/home/fabricio/codenation/react-13/node_modules/react-dom/cjs/react-dom.development.js:292:31)
    at beginWork$1 (/home/fabricio/codenation/react-13/node_modules/react-dom/cjs/react-dom.development.js:23203:7)
    at performUnitOfWork (/home/fabricio/codenation/react-13/node_modules/react-dom/cjs/react-dom.development.js:22157:12)
    at workLoopSync (/home/fabricio/codenation/react-13/node_modules/react-dom/cjs/react-dom.development.js:22130:22)
    at performSyncWorkOnRoot (/home/fabricio/codenation/react-13/node_modules/react-dom/cjs/react-dom.development.js:21756:9)
    at scheduleUpdateOnFiber (/home/fabricio/codenation/react-13/node_modules/react-dom/cjs/react-dom.development.js:21188:7)
    at updateContainer (/home/fabricio/codenation/react-13/node_modules/react-dom/cjs/react-dom.development.js:24373:3)
    at /home/fabricio/codenation/react-13/node_modules/react-dom/cjs/react-dom.development.js:24758:7
    at unbatchedUpdates (/home/fabricio/codenation/react-13/node_modules/react-dom/cjs/react-dom.development.js:21903:12)
    at legacyRenderSubtreeIntoContainer (/home/fabricio/codenation/react-13/node_modules/react-dom/cjs/react-dom.development.js:24757:5)
    at Object.render (/home/fabricio/codenation/react-13/node_modules/react-dom/cjs/react-dom.development.js:24840:10)
    at /home/fabricio/codenation/react-13/node_modules/@testing-library/react/dist/pure.js:86:25
    at batchedUpdates$1 (/home/fabricio/codenation/react-13/node_modules/react-dom/cjs/react-dom.development.js:21856:12)
    at act (/home/fabricio/codenation/react-13/node_modules/react-dom/cjs/react-dom-test-utils.development.js:929:14)
    at render (/home/fabricio/codenation/react-13/node_modules/@testing-library/react/dist/pure.js:82:26)
    at Object.&lt;anonymous&gt; (/home/fabricio/codenation/react-13/src/__tests__/submit.test.js:29:27)
    at Object.asyncJestTest (/home/fabricio/codenation/react-13/node_modules/jest-jasmine2/build/jasmineAsyncInstall.js:102:37)
    at /home/fabricio/codenation/react-13/node_modules/jest-jasmine2/build/queueRunner.js:43:12
    at new Promise (&lt;anonymous&gt;)
    at mapper (/home/fabricio/codenation/react-13/node_modules/jest-jasmine2/build/queueRunner.js:26:19)
    at /home/fabricio/codenation/react-13/node_modules/jest-jasmine2/build/queueRunner.js:73:41</failure>
    </testcase>
    <testcase classname="Contacts APP Should render Filters component" name="Contacts APP Should render Filters component" time="0.003">
      <failure>Error: Unable to find an element by: [data-testid=&quot;filters&quot;]

&lt;body&gt;
  &lt;div&gt;
    &lt;div /&gt;
  &lt;/div&gt;
&lt;/body&gt;
    at Object.getElementError (/home/fabricio/codenation/react-13/node_modules/@testing-library/dom/dist/config.js:34:12)
    at /home/fabricio/codenation/react-13/node_modules/@testing-library/dom/dist/query-helpers.js:71:38
    at getByTestId (/home/fabricio/codenation/react-13/node_modules/@testing-library/dom/dist/query-helpers.js:54:17)
    at Object.&lt;anonymous&gt; (/home/fabricio/codenation/react-13/src/__tests__/submit.test.js:38:21)
    at Object.asyncJestTest (/home/fabricio/codenation/react-13/node_modules/jest-jasmine2/build/jasmineAsyncInstall.js:102:37)
    at /home/fabricio/codenation/react-13/node_modules/jest-jasmine2/build/queueRunner.js:43:12
    at new Promise (&lt;anonymous&gt;)
    at mapper (/home/fabricio/codenation/react-13/node_modules/jest-jasmine2/build/queueRunner.js:26:19)
    at /home/fabricio/codenation/react-13/node_modules/jest-jasmine2/build/queueRunner.js:73:41</failure>
    </testcase>
    <testcase classname="Contacts APP Should render Topbar component" name="Contacts APP Should render Topbar component" time="0.002">
      <failure>Error: Unable to find an element by: [data-testid=&quot;topbar&quot;]

&lt;body&gt;
  &lt;div&gt;
    &lt;div /&gt;
  &lt;/div&gt;
&lt;/body&gt;
    at Object.getElementError (/home/fabricio/codenation/react-13/node_modules/@testing-library/dom/dist/config.js:34:12)
    at /home/fabricio/codenation/react-13/node_modules/@testing-library/dom/dist/query-helpers.js:71:38
    at getByTestId (/home/fabricio/codenation/react-13/node_modules/@testing-library/dom/dist/query-helpers.js:54:17)
    at Object.&lt;anonymous&gt; (/home/fabricio/codenation/react-13/src/__tests__/submit.test.js:46:21)
    at Object.asyncJestTest (/home/fabricio/codenation/react-13/node_modules/jest-jasmine2/build/jasmineAsyncInstall.js:102:37)
    at /home/fabricio/codenation/react-13/node_modules/jest-jasmine2/build/queueRunner.js:43:12
    at new Promise (&lt;anonymous&gt;)
    at mapper (/home/fabricio/codenation/react-13/node_modules/jest-jasmine2/build/queueRunner.js:26:19)
    at /home/fabricio/codenation/react-13/node_modules/jest-jasmine2/build/queueRunner.js:73:41</failure>
    </testcase>
  </testsuite>
</testsuites>